2025/12/10 07:21:44 [INFO] checker: signal context registered
2025/12/10 07:21:44 [INFO] checker: loading configuration
📦 Config Loaded:
Kafka brokers: localhost:29092
Pivot DSN: postgres://pivot_user:djsadsaj@localhost:5435/pivot?sslmode=disable
Mapping Path: ./internal/config/json/publication
🔁 Kafka group ID reset aktif. Group ID baru: db-migrate-engine-wfbq9m
2025/12/10 07:21:44 [INFO] checker: configuration loaded
2025/12/10 07:21:44 [INFO] app: loading mapping root
2025/12/10 07:21:44 [INFO] mapping: Load start defaultPath=./internal/config/json/default.json mappingPath=./internal/config/json/publication
2025/12/10 07:21:44 [INFO] mapping: setDefaultConfig path=./internal/config/json/default.json
2025/12/10 07:21:44 [DEBUG] mapping: default config loaded sources=1 entities=0
2025/12/10 07:21:44 [INFO] mapping: listing json files path=./internal/config/json/publication
2025/12/10 07:21:44 [DEBUG] mapping: listJSONFiles result=[internal/config/json/publication/publication&country&conference-to-publication&paper.json]
2025/12/10 07:21:44 [INFO] mapping: found 1 entity files
2025/12/10 07:21:44 [DEBUG] mapping: loading entity file=internal/config/json/publication/publication&country&conference-to-publication&paper.json
2025/12/10 07:21:44 [INFO] mapping: Load success entities=1 sources=1
2025/12/10 07:21:44 [INFO] app: mapping loaded entities=1
2025/12/10 07:21:44 [INFO] app: connecting pivot repository
2025/12/10 07:21:44 [INFO] pivot: connecting dsn=postgres://pivot_user:djsadsaj@localhost:5435/pivot?sslmode=disable
📦 Config Loaded:
Kafka brokers: localhost:29092
Pivot DSN: postgres://pivot_user:djsadsaj@localhost:5435/pivot?sslmode=disable
Mapping Path: ./internal/config/json/publication
🔁 Kafka group ID reset aktif. Group ID baru: db-migrate-engine-2w5j8n
2025/12/10 07:21:44 [INFO] app: ensuring pivot schema
2025/12/10 07:21:44 [INFO] pivot: ensuring schema
2025/12/10 07:21:44 [INFO] app: pivot schema ensured
2025/12/10 07:21:44 [INFO] checker: worker ready
2025/12/10 07:21:44 [INFO] checker: starting run loop
2025/12/10 07:21:44 [INFO] checker: run loop started interval=1s
2025/12/10 07:21:45 [DEBUG] pivot: FetchForChecker limit=1000
2025/12/10 07:21:45 [INFO] checker: processing 10 items
2025/12/10 07:21:45 [DEBUG] checker: handling queue id=1 entity=publication-&-country-&-conference-to-paper-&-publication needKeymap=false
2025/12/10 07:21:45 [DEBUG] pivot: MarkReady id=1
2025/12/10 07:21:45 [DEBUG] checker: handling queue id=2 entity=publication-&-country-&-conference-to-paper-&-publication needKeymap=false
2025/12/10 07:21:45 [DEBUG] pivot: MarkReady id=2
2025/12/10 07:21:45 [DEBUG] checker: handling queue id=3 entity=publication-&-country-&-conference-to-paper-&-publication needKeymap=false
2025/12/10 07:21:45 [DEBUG] pivot: MarkReady id=3
2025/12/10 07:21:45 [DEBUG] checker: handling queue id=4 entity=publication-&-country-&-conference-to-paper-&-publication needKeymap=false
2025/12/10 07:21:45 [DEBUG] pivot: MarkReady id=4
2025/12/10 07:21:45 [DEBUG] checker: handling queue id=5 entity=publication-&-country-&-conference-to-paper-&-publication needKeymap=false
2025/12/10 07:21:45 [DEBUG] pivot: MarkReady id=5
2025/12/10 07:21:45 [DEBUG] checker: handling queue id=6 entity=publication-&-country-&-conference-to-paper-&-publication needKeymap=false
2025/12/10 07:21:45 [DEBUG] pivot: MarkReady id=6
2025/12/10 07:21:45 [DEBUG] checker: handling queue id=7 entity=publication-&-country-&-conference-to-paper-&-publication needKeymap=false
2025/12/10 07:21:45 [DEBUG] pivot: MarkReady id=7
2025/12/10 07:21:45 [DEBUG] checker: handling queue id=8 entity=publication-&-country-&-conference-to-paper-&-publication needKeymap=false
2025/12/10 07:21:45 [DEBUG] pivot: MarkReady id=8
2025/12/10 07:21:45 [DEBUG] checker: handling queue id=9 entity=publication-&-country-&-conference-to-paper-&-publication needKeymap=false
2025/12/10 07:21:45 [DEBUG] pivot: MarkReady id=9
2025/12/10 07:21:45 [DEBUG] checker: handling queue id=10 entity=publication-&-country-&-conference-to-paper-&-publication needKeymap=false
2025/12/10 07:21:45 [DEBUG] pivot: MarkReady id=10
2025/12/10 07:21:46 [DEBUG] pivot: FetchForChecker limit=1000
2025/12/10 07:21:46 [DEBUG] checker: no pending items
2025/12/10 07:21:47 [DEBUG] pivot: FetchForChecker limit=1000
2025/12/10 07:21:47 [DEBUG] checker: no pending items
2025/12/10 07:21:48 [DEBUG] pivot: FetchForChecker limit=1000
2025/12/10 07:21:48 [DEBUG] checker: no pending items
2025/12/10 07:21:49 [DEBUG] pivot: FetchForChecker limit=1000
2025/12/10 07:21:49 [DEBUG] checker: no pending items
2025/12/10 07:21:50 [DEBUG] pivot: FetchForChecker limit=1000
2025/12/10 07:21:50 [DEBUG] checker: no pending items
2025/12/10 07:21:51 [DEBUG] pivot: FetchForChecker limit=1000
2025/12/10 07:21:51 [DEBUG] checker: no pending items
2025/12/10 07:21:52 [DEBUG] pivot: FetchForChecker limit=1000
2025/12/10 07:21:52 [DEBUG] checker: no pending items
2025/12/10 07:21:53 [DEBUG] pivot: FetchForChecker limit=1000
2025/12/10 07:21:53 [DEBUG] checker: no pending items
2025/12/10 07:21:54 [DEBUG] pivot: FetchForChecker limit=1000
2025/12/10 07:21:54 [DEBUG] checker: no pending items
2025/12/10 07:21:55 [DEBUG] pivot: FetchForChecker limit=1000
2025/12/10 07:21:55 [DEBUG] checker: no pending items
2025/12/10 07:21:56 [DEBUG] pivot: FetchForChecker limit=1000
2025/12/10 07:21:56 [DEBUG] checker: no pending items
2025/12/10 07:21:57 [DEBUG] pivot: FetchForChecker limit=1000
2025/12/10 07:21:57 [DEBUG] checker: no pending items
2025/12/10 07:21:58 [DEBUG] pivot: FetchForChecker limit=1000
2025/12/10 07:21:58 [DEBUG] checker: no pending items
2025/12/10 07:21:59 [DEBUG] pivot: FetchForChecker limit=1000
2025/12/10 07:21:59 [DEBUG] checker: no pending items
2025/12/10 07:22:00 [DEBUG] pivot: FetchForChecker limit=1000
2025/12/10 07:22:00 [DEBUG] checker: no pending items
2025/12/10 07:22:01 [DEBUG] pivot: FetchForChecker limit=1000
2025/12/10 07:22:01 [DEBUG] checker: no pending items
2025/12/10 07:22:02 [DEBUG] pivot: FetchForChecker limit=1000
2025/12/10 07:22:02 [DEBUG] checker: no pending items
2025/12/10 07:22:03 [DEBUG] pivot: FetchForChecker limit=1000
2025/12/10 07:22:03 [DEBUG] checker: no pending items
2025/12/10 07:22:04 [DEBUG] pivot: FetchForChecker limit=1000
2025/12/10 07:22:04 [DEBUG] checker: no pending items
2025/12/10 07:22:05 [DEBUG] pivot: FetchForChecker limit=1000
2025/12/10 07:22:05 [DEBUG] checker: no pending items
2025/12/10 07:22:06 [DEBUG] pivot: FetchForChecker limit=1000
2025/12/10 07:22:06 [DEBUG] checker: no pending items
2025/12/10 07:22:07 [DEBUG] pivot: FetchForChecker limit=1000
2025/12/10 07:22:07 [DEBUG] checker: no pending items
2025/12/10 07:22:08 [DEBUG] pivot: FetchForChecker limit=1000
2025/12/10 07:22:08 [DEBUG] checker: no pending items
2025/12/10 07:22:09 [DEBUG] pivot: FetchForChecker limit=1000
2025/12/10 07:22:09 [DEBUG] checker: no pending items
2025/12/10 07:22:10 [DEBUG] pivot: FetchForChecker limit=1000
2025/12/10 07:22:10 [DEBUG] checker: no pending items
2025/12/10 07:22:11 [DEBUG] pivot: FetchForChecker limit=1000
2025/12/10 07:22:11 [DEBUG] checker: no pending items
2025/12/10 07:22:12 [DEBUG] pivot: FetchForChecker limit=1000
2025/12/10 07:22:12 [DEBUG] checker: no pending items
2025/12/10 07:22:13 [DEBUG] pivot: FetchForChecker limit=1000
2025/12/10 07:22:13 [DEBUG] checker: no pending items
2025/12/10 07:22:14 [DEBUG] pivot: FetchForChecker limit=1000
2025/12/10 07:22:14 [DEBUG] checker: no pending items
2025/12/10 07:22:15 [DEBUG] pivot: FetchForChecker limit=1000
2025/12/10 07:22:15 [DEBUG] checker: no pending items
2025/12/10 07:22:16 [DEBUG] pivot: FetchForChecker limit=1000
2025/12/10 07:22:16 [DEBUG] checker: no pending items
2025/12/10 07:22:17 [DEBUG] pivot: FetchForChecker limit=1000
2025/12/10 07:22:17 [DEBUG] checker: no pending items
2025/12/10 07:22:18 [DEBUG] pivot: FetchForChecker limit=1000
2025/12/10 07:22:18 [DEBUG] checker: no pending items
2025/12/10 07:22:19 [DEBUG] pivot: FetchForChecker limit=1000
2025/12/10 07:22:19 [DEBUG] checker: no pending items
2025/12/10 07:22:20 [DEBUG] pivot: FetchForChecker limit=1000
2025/12/10 07:22:20 [DEBUG] checker: no pending items
2025/12/10 07:22:21 [DEBUG] pivot: FetchForChecker limit=1000
2025/12/10 07:22:21 [DEBUG] checker: no pending items
2025/12/10 07:22:22 [DEBUG] pivot: FetchForChecker limit=1000
2025/12/10 07:22:22 [DEBUG] checker: no pending items
2025/12/10 07:22:23 [DEBUG] pivot: FetchForChecker limit=1000
2025/12/10 07:22:23 [DEBUG] checker: no pending items
2025/12/10 07:22:24 [DEBUG] pivot: FetchForChecker limit=1000
2025/12/10 07:22:24 [DEBUG] checker: no pending items
2025/12/10 07:22:25 [DEBUG] pivot: FetchForChecker limit=1000
2025/12/10 07:22:25 [DEBUG] checker: no pending items
2025/12/10 07:22:26 [DEBUG] pivot: FetchForChecker limit=1000
2025/12/10 07:22:26 [DEBUG] checker: no pending items
2025/12/10 07:22:27 [DEBUG] pivot: FetchForChecker limit=1000
2025/12/10 07:22:27 [DEBUG] checker: no pending items
2025/12/10 07:22:28 [DEBUG] pivot: FetchForChecker limit=1000
2025/12/10 07:22:28 [DEBUG] checker: no pending items
2025/12/10 07:22:29 [DEBUG] pivot: FetchForChecker limit=1000
2025/12/10 07:22:29 [DEBUG] checker: no pending items
2025/12/10 07:22:30 [DEBUG] pivot: FetchForChecker limit=1000
2025/12/10 07:22:30 [DEBUG] checker: no pending items
2025/12/10 07:22:31 [DEBUG] pivot: FetchForChecker limit=1000
2025/12/10 07:22:31 [DEBUG] checker: no pending items
2025/12/10 07:22:32 [DEBUG] pivot: FetchForChecker limit=1000
2025/12/10 07:22:32 [DEBUG] checker: no pending items
2025/12/10 07:22:33 [DEBUG] pivot: FetchForChecker limit=1000
2025/12/10 07:22:33 [DEBUG] checker: no pending items
2025/12/10 07:22:34 [DEBUG] pivot: FetchForChecker limit=1000
2025/12/10 07:22:34 [DEBUG] checker: no pending items
2025/12/10 07:22:35 [DEBUG] pivot: FetchForChecker limit=1000
2025/12/10 07:22:35 [DEBUG] checker: no pending items
2025/12/10 07:22:36 [DEBUG] pivot: FetchForChecker limit=1000
2025/12/10 07:22:36 [DEBUG] checker: no pending items
2025/12/10 07:22:37 [DEBUG] pivot: FetchForChecker limit=1000
2025/12/10 07:22:37 [DEBUG] checker: no pending items
2025/12/10 07:22:38 [DEBUG] pivot: FetchForChecker limit=1000
2025/12/10 07:22:38 [DEBUG] checker: no pending items
2025/12/10 07:22:39 [DEBUG] pivot: FetchForChecker limit=1000
2025/12/10 07:22:39 [DEBUG] checker: no pending items
2025/12/10 07:22:40 [DEBUG] pivot: FetchForChecker limit=1000
2025/12/10 07:22:40 [DEBUG] checker: no pending items
2025/12/10 07:22:41 [DEBUG] pivot: FetchForChecker limit=1000
2025/12/10 07:22:41 [DEBUG] checker: no pending items
2025/12/10 07:22:42 [DEBUG] pivot: FetchForChecker limit=1000
2025/12/10 07:22:42 [DEBUG] checker: no pending items
2025/12/10 07:22:43 [DEBUG] pivot: FetchForChecker limit=1000
2025/12/10 07:22:43 [DEBUG] checker: no pending items
2025/12/10 07:22:44 [DEBUG] pivot: FetchForChecker limit=1000
2025/12/10 07:22:44 [DEBUG] checker: no pending items
2025/12/10 07:22:45 [DEBUG] pivot: FetchForChecker limit=1000
2025/12/10 07:22:45 [DEBUG] checker: no pending items
2025/12/10 07:22:46 [DEBUG] pivot: FetchForChecker limit=1000
2025/12/10 07:22:46 [DEBUG] checker: no pending items
2025/12/10 07:22:47 [DEBUG] pivot: FetchForChecker limit=1000
2025/12/10 07:22:47 [DEBUG] checker: no pending items
2025/12/10 07:22:48 [DEBUG] pivot: FetchForChecker limit=1000
2025/12/10 07:22:48 [DEBUG] checker: no pending items
2025/12/10 07:22:49 [DEBUG] pivot: FetchForChecker limit=1000
2025/12/10 07:22:49 [DEBUG] checker: no pending items
2025/12/10 07:22:50 [DEBUG] pivot: FetchForChecker limit=1000
2025/12/10 07:22:50 [DEBUG] checker: no pending items
2025/12/10 07:22:51 [DEBUG] pivot: FetchForChecker limit=1000
2025/12/10 07:22:51 [DEBUG] checker: no pending items
2025/12/10 07:22:52 [DEBUG] pivot: FetchForChecker limit=1000
2025/12/10 07:22:52 [DEBUG] checker: no pending items
2025/12/10 07:22:53 [DEBUG] pivot: FetchForChecker limit=1000
2025/12/10 07:22:53 [DEBUG] checker: no pending items
2025/12/10 07:22:54 [DEBUG] pivot: FetchForChecker limit=1000
2025/12/10 07:22:54 [DEBUG] checker: no pending items
2025/12/10 07:22:55 [DEBUG] pivot: FetchForChecker limit=1000
2025/12/10 07:22:55 [DEBUG] checker: no pending items
2025/12/10 07:22:56 [DEBUG] pivot: FetchForChecker limit=1000
2025/12/10 07:22:56 [DEBUG] checker: no pending items
2025/12/10 07:22:57 [DEBUG] pivot: FetchForChecker limit=1000
2025/12/10 07:22:57 [DEBUG] checker: no pending items
2025/12/10 07:22:58 [DEBUG] pivot: FetchForChecker limit=1000
2025/12/10 07:22:58 [DEBUG] checker: no pending items
2025/12/10 07:22:59 [DEBUG] pivot: FetchForChecker limit=1000
2025/12/10 07:22:59 [DEBUG] checker: no pending items
2025/12/10 07:23:00 [DEBUG] pivot: FetchForChecker limit=1000
2025/12/10 07:23:00 [DEBUG] checker: no pending items
2025/12/10 07:23:01 [DEBUG] pivot: FetchForChecker limit=1000
2025/12/10 07:23:01 [DEBUG] checker: no pending items
2025/12/10 07:23:02 [DEBUG] pivot: FetchForChecker limit=1000
2025/12/10 07:23:02 [DEBUG] checker: no pending items
2025/12/10 07:23:03 [DEBUG] pivot: FetchForChecker limit=1000
2025/12/10 07:23:03 [DEBUG] checker: no pending items
2025/12/10 07:23:04 [DEBUG] pivot: FetchForChecker limit=1000
2025/12/10 07:23:04 [DEBUG] checker: no pending items
2025/12/10 07:23:05 [DEBUG] pivot: FetchForChecker limit=1000
2025/12/10 07:23:05 [DEBUG] checker: no pending items
2025/12/10 07:23:06 [DEBUG] pivot: FetchForChecker limit=1000
2025/12/10 07:23:06 [DEBUG] checker: no pending items
2025/12/10 07:23:07 [DEBUG] pivot: FetchForChecker limit=1000
2025/12/10 07:23:07 [DEBUG] checker: no pending items
2025/12/10 07:23:08 [INFO] checker: run loop canceled
2025/12/10 07:23:08 [INFO] checker: shutdown complete
