2025/12/08 20:13:00 [INFO] executor: signal context registered
2025/12/08 20:13:00 [INFO] executor: loading configuration
📦 Config Loaded:
Kafka brokers: localhost:29092
Pivot DSN: postgres://pivot_user:djsadsaj@localhost:5435/pivot?sslmode=disable
Mapping Path: ./internal/config/json/publication
🔁 Kafka group ID reset aktif. Group ID baru: db-migrate-engine-h6pks0
2025/12/08 20:13:00 [INFO] executor: configuration loaded
2025/12/08 20:13:00 [INFO] app: connecting pivot repository
2025/12/08 20:13:00 [INFO] pivot: connecting dsn=postgres://pivot_user:djsadsaj@localhost:5435/pivot?sslmode=disable
📦 Config Loaded:
Kafka brokers: localhost:29092
Pivot DSN: postgres://pivot_user:djsadsaj@localhost:5435/pivot?sslmode=disable
Mapping Path: ./internal/config/json/publication
🔁 Kafka group ID reset aktif. Group ID baru: db-migrate-engine-n4lg4p
2025/12/08 20:13:00 [INFO] app: ensuring pivot schema
2025/12/08 20:13:00 [INFO] pivot: ensuring schema
2025/12/08 20:13:00 [INFO] app: pivot schema ensured
2025/12/08 20:13:00 [INFO] executor: creating executor batchMaxRows=1000 intervalMs=1000
2025/12/08 20:13:00 [INFO] executor: initializing target pool dsn=postgres://new_user:dsav9das@localhost:5233/new_publication_db?sslmode=disable maxRows=1000 interval=1000ms
2025/12/08 20:13:00 [INFO] executor: executor ready
2025/12/08 20:13:00 [INFO] executor: starting run loop
2025/12/08 20:13:00 [INFO] executor: run loop started interval=1s
2025/12/08 20:13:01 [DEBUG] pivot: FetchReady limit=1000
2025/12/08 20:13:01 [INFO] executor: processing 40 ready items
2025/12/08 20:13:01 [DEBUG] executor: handling queue id=1 entity=publication-&-country-to-publication op=c needKeymap=true
2025/12/08 20:13:01 [DEBUG] pivot: MarkExecuting id=1 worker=executor-11654346-45ff-4685-a519-0af7422b3dd9
2025/12/08 20:13:01 [DEBUG] pivot: FulfillKeymap keymap_id=1 tgt=946211463
2025/12/08 20:13:01 [DEBUG] pivot: MarkDone id=1
2025/12/08 20:13:01 [DEBUG] executor: handling queue id=2 entity=publication-&-country-to-publication op=c needKeymap=true
2025/12/08 20:13:01 [DEBUG] pivot: MarkExecuting id=2 worker=executor-11654346-45ff-4685-a519-0af7422b3dd9
2025/12/08 20:13:01 [DEBUG] pivot: FulfillKeymap keymap_id=2 tgt=852295044
2025/12/08 20:13:01 [DEBUG] pivot: MarkDone id=2
2025/12/08 20:13:01 [DEBUG] executor: handling queue id=3 entity=publication-&-country-to-publication op=c needKeymap=true
2025/12/08 20:13:01 [DEBUG] pivot: MarkExecuting id=3 worker=executor-11654346-45ff-4685-a519-0af7422b3dd9
2025/12/08 20:13:01 [DEBUG] pivot: FulfillKeymap keymap_id=3 tgt=457961232
2025/12/08 20:13:01 [DEBUG] pivot: MarkDone id=3
2025/12/08 20:13:01 [DEBUG] executor: handling queue id=4 entity=publication-&-country-to-publication op=c needKeymap=true
2025/12/08 20:13:01 [DEBUG] pivot: MarkExecuting id=4 worker=executor-11654346-45ff-4685-a519-0af7422b3dd9
2025/12/08 20:13:01 [DEBUG] pivot: FulfillKeymap keymap_id=4 tgt=178857443
2025/12/08 20:13:01 [DEBUG] pivot: MarkDone id=4
2025/12/08 20:13:01 [DEBUG] executor: handling queue id=5 entity=publication-&-country-to-publication op=c needKeymap=true
2025/12/08 20:13:01 [DEBUG] pivot: MarkExecuting id=5 worker=executor-11654346-45ff-4685-a519-0af7422b3dd9
2025/12/08 20:13:01 [DEBUG] pivot: FulfillKeymap keymap_id=5 tgt=402427033
2025/12/08 20:13:01 [DEBUG] pivot: MarkDone id=5
2025/12/08 20:13:01 [DEBUG] executor: handling queue id=6 entity=publication-&-country-to-publication op=c needKeymap=true
2025/12/08 20:13:01 [DEBUG] pivot: MarkExecuting id=6 worker=executor-11654346-45ff-4685-a519-0af7422b3dd9
2025/12/08 20:13:01 [DEBUG] pivot: FulfillKeymap keymap_id=6 tgt=301591931
2025/12/08 20:13:01 [DEBUG] pivot: MarkDone id=6
2025/12/08 20:13:01 [DEBUG] executor: handling queue id=7 entity=publication-&-country-to-publication op=c needKeymap=true
2025/12/08 20:13:01 [DEBUG] pivot: MarkExecuting id=7 worker=executor-11654346-45ff-4685-a519-0af7422b3dd9
2025/12/08 20:13:01 [DEBUG] pivot: FulfillKeymap keymap_id=7 tgt=763445677
2025/12/08 20:13:01 [DEBUG] pivot: MarkDone id=7
2025/12/08 20:13:01 [DEBUG] executor: handling queue id=8 entity=publication-&-country-to-publication op=c needKeymap=true
2025/12/08 20:13:01 [DEBUG] pivot: MarkExecuting id=8 worker=executor-11654346-45ff-4685-a519-0af7422b3dd9
2025/12/08 20:13:01 [DEBUG] pivot: FulfillKeymap keymap_id=8 tgt=20793540
2025/12/08 20:13:01 [DEBUG] pivot: MarkDone id=8
2025/12/08 20:13:01 [DEBUG] executor: handling queue id=9 entity=publication-&-country-to-publication op=c needKeymap=true
2025/12/08 20:13:01 [DEBUG] pivot: MarkExecuting id=9 worker=executor-11654346-45ff-4685-a519-0af7422b3dd9
2025/12/08 20:13:01 [DEBUG] pivot: FulfillKeymap keymap_id=9 tgt=698784871
2025/12/08 20:13:01 [DEBUG] pivot: MarkDone id=9
2025/12/08 20:13:01 [DEBUG] executor: handling queue id=10 entity=publication-&-country-to-publication op=c needKeymap=true
2025/12/08 20:13:01 [DEBUG] pivot: MarkExecuting id=10 worker=executor-11654346-45ff-4685-a519-0af7422b3dd9
2025/12/08 20:13:01 [DEBUG] pivot: FulfillKeymap keymap_id=10 tgt=601017369
2025/12/08 20:13:01 [DEBUG] pivot: MarkDone id=10
2025/12/08 20:13:01 [DEBUG] executor: handling queue id=11 entity=publication-&-country-&-conference-to-publication op=c needKeymap=false
2025/12/08 20:13:01 [DEBUG] pivot: MarkExecuting id=11 worker=executor-11654346-45ff-4685-a519-0af7422b3dd9
2025/12/08 20:13:01 [DEBUG] pivot: MarkDone id=11
2025/12/08 20:13:01 [DEBUG] executor: handling queue id=12 entity=publication-&-country-to-publication op=c needKeymap=true
2025/12/08 20:13:01 [DEBUG] pivot: MarkExecuting id=12 worker=executor-11654346-45ff-4685-a519-0af7422b3dd9
2025/12/08 20:13:01 [DEBUG] pivot: FulfillKeymap keymap_id=11 tgt=461358753
2025/12/08 20:13:01 [DEBUG] pivot: MarkDone id=12
2025/12/08 20:13:01 [DEBUG] executor: handling queue id=13 entity=publication-&-country-&-conference-to-publication op=c needKeymap=false
2025/12/08 20:13:01 [DEBUG] pivot: MarkExecuting id=13 worker=executor-11654346-45ff-4685-a519-0af7422b3dd9
2025/12/08 20:13:01 [DEBUG] pivot: MarkDone id=13
2025/12/08 20:13:01 [DEBUG] executor: handling queue id=14 entity=publication-&-country-to-publication op=c needKeymap=true
2025/12/08 20:13:01 [DEBUG] pivot: MarkExecuting id=14 worker=executor-11654346-45ff-4685-a519-0af7422b3dd9
2025/12/08 20:13:01 [DEBUG] pivot: FulfillKeymap keymap_id=12 tgt=292310937
2025/12/08 20:13:01 [DEBUG] pivot: MarkDone id=14
2025/12/08 20:13:01 [DEBUG] executor: handling queue id=15 entity=publication-&-country-&-conference-to-publication op=c needKeymap=false
2025/12/08 20:13:01 [DEBUG] pivot: MarkExecuting id=15 worker=executor-11654346-45ff-4685-a519-0af7422b3dd9
2025/12/08 20:13:01 [DEBUG] pivot: MarkDone id=15
2025/12/08 20:13:01 [DEBUG] executor: handling queue id=16 entity=publication-&-country-to-publication op=c needKeymap=true
2025/12/08 20:13:01 [DEBUG] pivot: MarkExecuting id=16 worker=executor-11654346-45ff-4685-a519-0af7422b3dd9
2025/12/08 20:13:01 [DEBUG] pivot: FulfillKeymap keymap_id=13 tgt=981346401
2025/12/08 20:13:01 [DEBUG] pivot: MarkDone id=16
2025/12/08 20:13:01 [DEBUG] executor: handling queue id=17 entity=publication-&-country-&-conference-to-publication op=c needKeymap=false
2025/12/08 20:13:01 [DEBUG] pivot: MarkExecuting id=17 worker=executor-11654346-45ff-4685-a519-0af7422b3dd9
2025/12/08 20:13:01 [DEBUG] pivot: MarkDone id=17
2025/12/08 20:13:01 [DEBUG] executor: handling queue id=18 entity=publication-&-country-to-publication op=c needKeymap=true
2025/12/08 20:13:01 [DEBUG] pivot: MarkExecuting id=18 worker=executor-11654346-45ff-4685-a519-0af7422b3dd9
2025/12/08 20:13:01 [DEBUG] pivot: FulfillKeymap keymap_id=14 tgt=621266014
2025/12/08 20:13:01 [DEBUG] pivot: MarkDone id=18
2025/12/08 20:13:01 [DEBUG] executor: handling queue id=19 entity=publication-&-country-&-conference-to-publication op=c needKeymap=false
2025/12/08 20:13:01 [DEBUG] pivot: MarkExecuting id=19 worker=executor-11654346-45ff-4685-a519-0af7422b3dd9
2025/12/08 20:13:01 [DEBUG] pivot: MarkDone id=19
2025/12/08 20:13:01 [DEBUG] executor: handling queue id=20 entity=publication-&-country-to-publication op=c needKeymap=true
2025/12/08 20:13:01 [DEBUG] pivot: MarkExecuting id=20 worker=executor-11654346-45ff-4685-a519-0af7422b3dd9
2025/12/08 20:13:01 [DEBUG] pivot: FulfillKeymap keymap_id=15 tgt=703789807
2025/12/08 20:13:01 [DEBUG] pivot: MarkDone id=20
2025/12/08 20:13:01 [DEBUG] executor: handling queue id=21 entity=publication-&-country-&-conference-to-publication op=c needKeymap=false
2025/12/08 20:13:01 [DEBUG] pivot: MarkExecuting id=21 worker=executor-11654346-45ff-4685-a519-0af7422b3dd9
2025/12/08 20:13:01 [DEBUG] pivot: MarkDone id=21
2025/12/08 20:13:01 [DEBUG] executor: handling queue id=22 entity=publication-&-country-to-publication op=c needKeymap=true
2025/12/08 20:13:01 [DEBUG] pivot: MarkExecuting id=22 worker=executor-11654346-45ff-4685-a519-0af7422b3dd9
2025/12/08 20:13:01 [DEBUG] pivot: FulfillKeymap keymap_id=16 tgt=651818504
2025/12/08 20:13:01 [DEBUG] pivot: MarkDone id=22
2025/12/08 20:13:01 [DEBUG] executor: handling queue id=23 entity=publication-&-country-&-conference-to-publication op=c needKeymap=false
2025/12/08 20:13:01 [DEBUG] pivot: MarkExecuting id=23 worker=executor-11654346-45ff-4685-a519-0af7422b3dd9
2025/12/08 20:13:01 [DEBUG] pivot: MarkDone id=23
2025/12/08 20:13:01 [DEBUG] executor: handling queue id=24 entity=publication-&-country-to-publication op=c needKeymap=true
2025/12/08 20:13:01 [DEBUG] pivot: MarkExecuting id=24 worker=executor-11654346-45ff-4685-a519-0af7422b3dd9
2025/12/08 20:13:01 [DEBUG] pivot: FulfillKeymap keymap_id=17 tgt=575173399
2025/12/08 20:13:01 [DEBUG] pivot: MarkDone id=24
2025/12/08 20:13:01 [DEBUG] executor: handling queue id=25 entity=publication-&-country-&-conference-to-publication op=c needKeymap=false
2025/12/08 20:13:01 [DEBUG] pivot: MarkExecuting id=25 worker=executor-11654346-45ff-4685-a519-0af7422b3dd9
2025/12/08 20:13:01 [DEBUG] pivot: MarkDone id=25
2025/12/08 20:13:01 [DEBUG] executor: handling queue id=26 entity=publication-&-country-to-publication op=c needKeymap=true
2025/12/08 20:13:01 [DEBUG] pivot: MarkExecuting id=26 worker=executor-11654346-45ff-4685-a519-0af7422b3dd9
2025/12/08 20:13:01 [DEBUG] pivot: FulfillKeymap keymap_id=18 tgt=311267771
2025/12/08 20:13:01 [DEBUG] pivot: MarkDone id=26
2025/12/08 20:13:01 [DEBUG] executor: handling queue id=27 entity=publication-&-country-&-conference-to-publication op=c needKeymap=false
2025/12/08 20:13:01 [DEBUG] pivot: MarkExecuting id=27 worker=executor-11654346-45ff-4685-a519-0af7422b3dd9
2025/12/08 20:13:01 [DEBUG] pivot: MarkDone id=27
2025/12/08 20:13:01 [DEBUG] executor: handling queue id=28 entity=publication-&-country-to-publication op=c needKeymap=true
2025/12/08 20:13:01 [DEBUG] pivot: MarkExecuting id=28 worker=executor-11654346-45ff-4685-a519-0af7422b3dd9
2025/12/08 20:13:01 [DEBUG] pivot: FulfillKeymap keymap_id=19 tgt=260706977
2025/12/08 20:13:01 [DEBUG] pivot: MarkDone id=28
2025/12/08 20:13:01 [DEBUG] executor: handling queue id=29 entity=publication-&-country-&-conference-to-publication op=c needKeymap=false
2025/12/08 20:13:01 [DEBUG] pivot: MarkExecuting id=29 worker=executor-11654346-45ff-4685-a519-0af7422b3dd9
2025/12/08 20:13:01 [DEBUG] pivot: MarkDone id=29
2025/12/08 20:13:01 [DEBUG] executor: handling queue id=30 entity=publication-&-country-to-publication op=c needKeymap=true
2025/12/08 20:13:01 [DEBUG] pivot: MarkExecuting id=30 worker=executor-11654346-45ff-4685-a519-0af7422b3dd9
2025/12/08 20:13:01 [DEBUG] pivot: FulfillKeymap keymap_id=20 tgt=652410187
2025/12/08 20:13:01 [DEBUG] pivot: MarkDone id=30
2025/12/08 20:13:01 [DEBUG] executor: handling queue id=31 entity=publication-&-country-to-publication op=c needKeymap=true
2025/12/08 20:13:01 [DEBUG] pivot: MarkExecuting id=31 worker=executor-11654346-45ff-4685-a519-0af7422b3dd9
2025/12/08 20:13:01 [DEBUG] pivot: FulfillKeymap keymap_id=21 tgt=2226942
2025/12/08 20:13:01 [DEBUG] pivot: MarkDone id=31
2025/12/08 20:13:01 [DEBUG] executor: handling queue id=32 entity=publication-&-country-to-publication op=c needKeymap=true
2025/12/08 20:13:01 [DEBUG] pivot: MarkExecuting id=32 worker=executor-11654346-45ff-4685-a519-0af7422b3dd9
2025/12/08 20:13:01 [DEBUG] pivot: FulfillKeymap keymap_id=22 tgt=62754997
2025/12/08 20:13:01 [DEBUG] pivot: MarkDone id=32
2025/12/08 20:13:01 [DEBUG] executor: handling queue id=33 entity=publication-&-country-to-publication op=c needKeymap=true
2025/12/08 20:13:01 [DEBUG] pivot: MarkExecuting id=33 worker=executor-11654346-45ff-4685-a519-0af7422b3dd9
2025/12/08 20:13:01 [DEBUG] pivot: FulfillKeymap keymap_id=23 tgt=809835067
2025/12/08 20:13:01 [DEBUG] pivot: MarkDone id=33
2025/12/08 20:13:01 [DEBUG] executor: handling queue id=34 entity=publication-&-country-to-publication op=c needKeymap=true
2025/12/08 20:13:01 [DEBUG] pivot: MarkExecuting id=34 worker=executor-11654346-45ff-4685-a519-0af7422b3dd9
2025/12/08 20:13:01 [DEBUG] pivot: FulfillKeymap keymap_id=24 tgt=330955987
2025/12/08 20:13:01 [DEBUG] pivot: MarkDone id=34
2025/12/08 20:13:01 [DEBUG] executor: handling queue id=35 entity=publication-&-country-to-publication op=c needKeymap=true
2025/12/08 20:13:01 [DEBUG] pivot: MarkExecuting id=35 worker=executor-11654346-45ff-4685-a519-0af7422b3dd9
2025/12/08 20:13:01 [DEBUG] pivot: FulfillKeymap keymap_id=25 tgt=872639323
2025/12/08 20:13:01 [DEBUG] pivot: MarkDone id=35
2025/12/08 20:13:01 [DEBUG] executor: handling queue id=36 entity=publication-&-country-to-publication op=c needKeymap=true
2025/12/08 20:13:01 [DEBUG] pivot: MarkExecuting id=36 worker=executor-11654346-45ff-4685-a519-0af7422b3dd9
2025/12/08 20:13:01 [DEBUG] pivot: FulfillKeymap keymap_id=26 tgt=872729300
2025/12/08 20:13:01 [DEBUG] pivot: MarkDone id=36
2025/12/08 20:13:01 [DEBUG] executor: handling queue id=37 entity=publication-&-country-to-publication op=c needKeymap=true
2025/12/08 20:13:01 [DEBUG] pivot: MarkExecuting id=37 worker=executor-11654346-45ff-4685-a519-0af7422b3dd9
2025/12/08 20:13:01 [DEBUG] pivot: FulfillKeymap keymap_id=27 tgt=128904526
2025/12/08 20:13:01 [DEBUG] pivot: MarkDone id=37
2025/12/08 20:13:01 [DEBUG] executor: handling queue id=38 entity=publication-&-country-to-publication op=c needKeymap=true
2025/12/08 20:13:01 [DEBUG] pivot: MarkExecuting id=38 worker=executor-11654346-45ff-4685-a519-0af7422b3dd9
2025/12/08 20:13:01 [DEBUG] pivot: FulfillKeymap keymap_id=28 tgt=604765773
2025/12/08 20:13:01 [DEBUG] pivot: MarkDone id=38
2025/12/08 20:13:01 [DEBUG] executor: handling queue id=39 entity=publication-&-country-to-publication op=c needKeymap=true
2025/12/08 20:13:01 [DEBUG] pivot: MarkExecuting id=39 worker=executor-11654346-45ff-4685-a519-0af7422b3dd9
2025/12/08 20:13:01 [DEBUG] pivot: FulfillKeymap keymap_id=29 tgt=162823872
2025/12/08 20:13:01 [DEBUG] pivot: MarkDone id=39
2025/12/08 20:13:01 [DEBUG] executor: handling queue id=40 entity=publication-&-country-to-publication op=c needKeymap=true
2025/12/08 20:13:01 [DEBUG] pivot: MarkExecuting id=40 worker=executor-11654346-45ff-4685-a519-0af7422b3dd9
2025/12/08 20:13:01 [DEBUG] pivot: FulfillKeymap keymap_id=30 tgt=185872243
2025/12/08 20:13:01 [DEBUG] pivot: MarkDone id=40
2025/12/08 20:13:01 [INFO] executor: committed batch items=40
2025/12/08 20:13:02 [DEBUG] pivot: FetchReady limit=1000
2025/12/08 20:13:02 [DEBUG] executor: no ready items
2025/12/08 20:13:03 [DEBUG] pivot: FetchReady limit=1000
2025/12/08 20:13:03 [DEBUG] executor: no ready items
2025/12/08 20:13:04 [DEBUG] pivot: FetchReady limit=1000
2025/12/08 20:13:04 [DEBUG] executor: no ready items
2025/12/08 20:13:05 [INFO] executor: run loop canceled
2025/12/08 20:13:05 [INFO] executor: shutdown complete
